
> reactjs-boilerplate@1.1.0 build C:\Users\Usama.Irfan\Documents\GitHub\ui-lms\client
> next build

   Γû▓ Next.js 15.5.9
   - Environments: .env.local, .env

   Creating an optimized production build ...
 Γ£ô Compiled successfully in 23.9s
   Linting and checking validity of types ...
node.exe : 
At C:\nvm4w\nodejs\pnpm.ps1:16 char:5
+     & "$basedir/node$exe"  "$basedir/node_modules/pnpm/bin/pnpm.cjs"  ...
+     ~~~~~~~~~~~~~~~~~~~~~~~~~~~~~~~~~~~~~~~~~~~~~~~~~~~~~~~~~~~~~~~~~
    + CategoryInfo          : NotSpecified: (:String) [], RemoteException
    + FullyQualifiedErrorId : NativeCommandError
 
 ΓÜá The Next.js plugin was not detected in your ESLint configuration. See 
https://nextjs.org/docs/app/api-reference/config/eslint#migrating-existing-
config

./src/app/[language]/admin-panel/students/registrations/components/bulk-import-modal.tsx
206:6  Warning: React Hook useCallback has a missing dependency: 'selectedInstitutionId'. Either include it or remove the dependency array.  react-hooks/exhaustive-deps

./src/components/form/image-picker/image-picker.tsx
90:13  Warning: Using `<img>` could result in slower LCP and higher bandwidth. Consider using `<Image />` from `next/image` or a custom image loader to automatically optimize images. This may incur additional usage or cost from your provider. See: https://nextjs.org/docs/messages/no-img-element  @next/next/no-img-element

./src/components/form/multiple-image-picker/multiple-image-picker.tsx
94:15  Warning: Using `<img>` could result in slower LCP and higher bandwidth. Consider using `<Image />` from `next/image` or a custom image loader to automatically optimize images. This may incur additional usage or cost from your provider. See: https://nextjs.org/docs/messages/no-img-element  @next/next/no-img-element

info  - Need to disable some ESLint rules? Learn more here: https://nextjs.org/docs/app/api-reference/config/eslint#disabling-rules
   Collecting page data ...
   Generating static pages (0/55) ...
   Generating static pages (13/55) 
   Generating static pages (27/55) 
   Generating static pages (41/55) 
 Γ£ô Generating static pages (55/55)
   Finalizing page optimization ...
   Collecting build traces ...

Route (app)                                                       Size  First Load JS
Γöî Γùï /_not-found                                                   1 kB         104 kB
Γö£ ΓùÅ /[language]                                                  164 B         106 kB
Γö£   Γöö /en
Γö£ ΓùÅ /[language]/admin-panel                                    19.8 kB         324 kB
Γö£   Γöö /en/admin-panel
Γö£ ΓùÅ /[language]/admin-panel/academics/classes                  4.71 kB         212 kB
Γö£   Γöö /en/admin-panel/academics/classes
Γö£ ΓùÅ /[language]/admin-panel/academics/courses                  4.96 kB         212 kB
Γö£   Γöö /en/admin-panel/academics/courses
Γö£ ΓùÅ /[language]/admin-panel/academics/subjects                 4.51 kB         211 kB
Γö£   Γöö /en/admin-panel/academics/subjects
Γö£ ΓùÅ /[language]/admin-panel/academics/year                     4.87 kB         212 kB
Γö£   Γöö /en/admin-panel/academics/year
Γö£ ΓùÅ /[language]/admin-panel/accounts/expenses                  5.72 kB         204 kB
Γö£   Γöö /en/admin-panel/accounts/expenses
Γö£ ΓùÅ /[language]/admin-panel/accounts/income                     5.3 kB         203 kB
Γö£   Γöö /en/admin-panel/accounts/income
Γö£ ΓùÅ /[language]/admin-panel/accounts/reports                   4.43 kB         160 kB
Γö£   Γöö /en/admin-panel/accounts/reports
Γö£ ΓùÅ /[language]/admin-panel/notices                            5.63 kB         203 kB
Γö£   Γöö /en/admin-panel/notices
Γö£ ΓùÅ /[language]/admin-panel/reports                            6.97 kB         196 kB
Γö£   Γöö /en/admin-panel/reports
Γö£ ΓùÅ /[language]/admin-panel/settings                           3.71 kB         148 kB
Γö£   Γöö /en/admin-panel/settings
Γö£ ΓùÅ /[language]/admin-panel/settings/attendance                2.61 kB         175 kB
Γö£   Γöö /en/admin-panel/settings/attendance
Γö£ ΓùÅ /[language]/admin-panel/settings/branches                  6.06 kB         207 kB
Γö£   Γöö /en/admin-panel/settings/branches
Γö£ ΓùÅ /[language]/admin-panel/settings/fees                      2.61 kB         175 kB
Γö£   Γöö /en/admin-panel/settings/fees
Γö£ ΓùÅ /[language]/admin-panel/settings/general                    2.5 kB         175 kB
Γö£   Γöö /en/admin-panel/settings/general
Γö£ ΓùÅ /[language]/admin-panel/settings/notifications             1.63 kB         174 kB
Γö£   Γöö /en/admin-panel/settings/notifications
Γö£ ΓùÅ /[language]/admin-panel/staff                              3.31 kB         214 kB
Γö£   Γöö /en/admin-panel/staff
Γö£ ΓùÅ /[language]/admin-panel/staff/attendance                   5.53 kB         204 kB
Γö£   Γöö /en/admin-panel/staff/attendance
Γö£ ΓùÅ /[language]/admin-panel/staff/leaves                       6.41 kB         212 kB
Γö£   Γöö /en/admin-panel/staff/leaves
Γö£ ΓùÅ /[language]/admin-panel/staff/payroll                      4.96 kB         213 kB
Γö£   Γöö /en/admin-panel/staff/payroll
Γö£ ΓùÅ /[language]/admin-panel/staff/timetable                    5.94 kB         204 kB
Γö£   Γöö /en/admin-panel/staff/timetable
Γö£ ΓùÅ /[language]/admin-panel/students/attendance                5.42 kB         166 kB
Γö£   Γöö /en/admin-panel/students/attendance
Γö£ ΓùÅ /[language]/admin-panel/students/attendance/alerts         6.22 kB         176 kB
Γö£   Γöö /en/admin-panel/students/attendance/alerts
Γö£ ΓùÅ /[language]/admin-panel/students/attendance/bulk           8.06 kB         206 kB
Γö£   Γöö /en/admin-panel/students/attendance/bulk
Γö£ ΓùÅ /[language]/admin-panel/students/attendance/mark           9.15 kB         207 kB
Γö£   Γöö /en/admin-panel/students/attendance/mark
Γö£ ΓùÅ /[language]/admin-panel/students/attendance/reports        8.71 kB         206 kB
Γö£   Γöö /en/admin-panel/students/attendance/reports
Γö£ ╞Æ /[language]/admin-panel/students/attendance/students/[id]  6.79 kB         167 kB
Γö£ ΓùÅ /[language]/admin-panel/students/enquiries                 9.55 kB         246 kB
Γö£   Γöö /en/admin-panel/students/enquiries
Γö£ ΓùÅ /[language]/admin-panel/students/exams                     5.44 kB         210 kB
Γö£   Γöö /en/admin-panel/students/exams
Γö£ ΓùÅ /[language]/admin-panel/students/exams/analytics           2.44 kB         195 kB
Γö£   Γöö /en/admin-panel/students/exams/analytics
Γö£ ΓùÅ /[language]/admin-panel/students/exams/marks               2.92 kB         204 kB
Γö£   Γöö /en/admin-panel/students/exams/marks
Γö£ ΓùÅ /[language]/admin-panel/students/exams/report-card         3.11 kB         205 kB
Γö£   Γöö /en/admin-panel/students/exams/report-card
Γö£ ΓùÅ /[language]/admin-panel/students/exams/results             3.38 kB         208 kB
Γö£   Γöö /en/admin-panel/students/exams/results
Γö£ ΓùÅ /[language]/admin-panel/students/fees                       6.5 kB         214 kB
Γö£   Γöö /en/admin-panel/students/fees
Γö£ ΓùÅ /[language]/admin-panel/students/materials                 6.97 kB         212 kB
Γö£   Γöö /en/admin-panel/students/materials
Γö£ ΓùÅ /[language]/admin-panel/students/registrations             18.4 kB         258 kB
Γö£   Γöö /en/admin-panel/students/registrations
Γö£ ΓùÅ /[language]/admin-panel/users                              28.7 kB         236 kB
Γö£   Γöö /en/admin-panel/users
Γö£ ΓùÅ /[language]/admin-panel/users/create                       3.66 kB         235 kB
Γö£   Γöö /en/admin-panel/users/create
Γö£ ╞Æ /[language]/admin-panel/users/edit/[id]                    3.94 kB         236 kB
Γö£ ΓùÅ /[language]/confirm-email                                  1.84 kB         155 kB
Γö£   Γöö /en/confirm-email
Γö£ ΓùÅ /[language]/confirm-new-email                              2.05 kB         155 kB
Γö£   Γöö /en/confirm-new-email
Γö£ ΓùÅ /[language]/forgot-password                                4.62 kB         187 kB
Γö£   Γöö /en/forgot-password
Γö£ ΓùÅ /[language]/password-change                                4.92 kB         187 kB
Γö£   Γöö /en/password-change
Γö£ ΓùÅ /[language]/privacy-policy                                   135 B         103 kB
Γö£   Γöö /en/privacy-policy
Γö£ ΓùÅ /[language]/profile                                        5.84 kB         140 kB
Γö£   Γöö /en/profile
Γö£ ΓùÅ /[language]/profile/edit                                   3.06 kB         207 kB
Γö£   Γöö /en/profile/edit
Γö£ ΓùÅ /[language]/select-tenant                                  4.41 kB         148 kB
Γö£   Γöö /en/select-tenant
Γö£ ΓùÅ /[language]/showcase                                       11.4 kB         182 kB
Γö£   Γöö /en/showcase
Γö£ ΓùÅ /[language]/sign-in                                        3.79 kB         180 kB
Γö£   Γöö /en/sign-in
Γö£ ΓùÅ /[language]/sign-up                                        8.77 kB         185 kB
Γö£   Γöö /en/sign-up
Γö£ ΓùÅ /[language]/staff-portal                                   8.08 kB         172 kB
Γö£   Γöö /en/staff-portal
Γöö ΓùÅ /[language]/student-portal                                 8.79 kB         286 kB
    Γöö /en/student-portal
+ First Load JS shared by all                                   103 kB
  Γö£ chunks/06ee9c69-bd1d76b91989da15.js                        54.2 kB
  Γö£ chunks/9029-03985c452f669d7f.js                            45.6 kB
  Γöö other shared chunks (total)                                2.63 kB


╞Æ Middleware                                                   35.6 kB

Γùï  (Static)   prerendered as static content
ΓùÅ  (SSG)      prerendered as static HTML (uses generateStaticParams)
╞Æ  (Dynamic)  server-rendered on demand

